// Vitest Snapshot v1, https://vitest.dev/guide/snapshot.html

exports[`SignInDialog > should match snapshot 1`] = `
"<div data-v-86c49142=\\"\\" class=\\"mock-el-dialog max-w-2xl\\" title=\\"Sign in\\" modelvalue=\\"true\\" lock-scroll=\\"false\\">
  <div data-v-86c49142=\\"\\" class=\\"container\\">
    <div data-v-86c49142=\\"\\" class=\\"left-side\\">
      <form data-v-86c49142=\\"\\" class=\\"el-form el-form--default el-form--label-right\\">
        <div data-v-86c49142=\\"\\" class=\\"el-form-item is-required asterisk-left\\">
          <!--v-if-->
          <div class=\\"el-form-item__content\\">
            <div data-v-86c49142=\\"\\" class=\\"el-input\\">
              <!-- input -->
              <!-- prepend slot -->
              <!--v-if-->
              <div class=\\"el-input__wrapper\\" tabindex=\\"-1\\">
                <!-- prefix slot -->
                <!--v-if--><input class=\\"el-input__inner\\" type=\\"text\\" autocomplete=\\"off\\" tabindex=\\"0\\" placeholder=\\"Email address\\" id=\\"el-id-replaced\\"><!-- suffix slot -->
                <!--v-if-->
              </div><!-- append slot -->
              <!--v-if-->
            </div>
          </div>
        </div>
        <div data-v-86c49142=\\"\\" class=\\"el-form-item is-required asterisk-left\\">
          <!--v-if-->
          <div class=\\"el-form-item__content\\">
            <div data-v-86c49142=\\"\\" class=\\"el-input\\">
              <!-- input -->
              <!-- prepend slot -->
              <!--v-if-->
              <div class=\\"el-input__wrapper\\" tabindex=\\"-1\\">
                <!-- prefix slot -->
                <!--v-if--><input class=\\"el-input__inner\\" type=\\"password\\" autocomplete=\\"off\\" tabindex=\\"0\\" placeholder=\\"Password\\" id=\\"el-id-replaced\\"><!-- suffix slot -->
                <!--v-if-->
              </div><!-- append slot -->
              <!--v-if-->
            </div>
          </div>
        </div>
        <!----><button data-v-86c49142=\\"\\" ariadisabled=\\"false\\" type=\\"button\\" class=\\"el-button el-button--primary\\" data-testid=\\"submit-btn\\">
          <!--v-if--><span class=\\"\\"> Sign in </span>
        </button>
      </form>
    </div>
    <div data-v-86c49142=\\"\\" class=\\"mid\\">
      <div data-v-86c49142=\\"\\" class=\\"divider\\"></div>
      <div data-v-86c49142=\\"\\" class=\\"text\\">or</div>
      <div data-v-86c49142=\\"\\" class=\\"divider\\"></div>
    </div>
    <div data-v-86c49142=\\"\\" class=\\"right-side\\"><a data-v-86c49142=\\"\\" class=\\"google-button\\" href=\\"/api_auth/google\\">
        <div data-v-86c49142=\\"\\" class=\\"abcRioButton abcRioButtonBlue\\">
          <div class=\\"abcRioButtonContentWrapper\\">
            <div class=\\"abcRioButtonIcon\\" style=\\"padding:10px;\\">
              <div style=\\"width:18px;height:18px;\\" class=\\"abcRioButtonSvgImageWithFallback abcRioButtonIconImage abcRioButtonIconImage18\\"><svg version=\\"1.1\\" xmlns=\\"http://www.w3.org/2000/svg\\" width=\\"18px\\" height=\\"18px\\" viewBox=\\"0 0 48 48\\" class=\\"abcRioButtonSvg\\">
                  <g>
                    <path fill=\\"#EA4335\\" d=\\"M24 9.5c3.54 0 6.71 1.22 9.21 3.6l6.85-6.85C35.9 2.38 30.47 0 24 0 14.62 0 6.51 5.38 2.56 13.22l7.98 6.19C12.43 13.72 17.74 9.5 24 9.5z\\"></path>
                    <path fill=\\"#4285F4\\" d=\\"M46.98 24.55c0-1.57-.15-3.09-.38-4.55H24v9.02h12.94c-.58 2.96-2.26 5.48-4.78 7.18l7.73 6c4.51-4.18 7.09-10.36 7.09-17.65z\\"></path>
                    <path fill=\\"#FBBC05\\" d=\\"M10.53 28.59c-.48-1.45-.76-2.99-.76-4.59s.27-3.14.76-4.59l-7.98-6.19C.92 16.46 0 20.12 0 24c0 3.88.92 7.54 2.56 10.78l7.97-6.19z\\"></path>
                    <path fill=\\"#34A853\\" d=\\"M24 48c6.48 0 11.93-2.13 15.89-5.81l-7.73-6c-2.15 1.45-4.92 2.3-8.16 2.3-6.26 0-11.57-4.22-13.47-9.91l-7.98 6.19C6.51 42.62 14.62 48 24 48z\\"></path>
                    <path fill=\\"none\\" d=\\"M0 0h48v48H0z\\"></path>
                  </g>
                </svg></div>
            </div><span style=\\"font-size: 16px; line-height: 38px;\\" class=\\"abcRioButtonContents\\">Sign in with Google</span>
          </div>
        </div>
      </a></div>
  </div>
  <p data-v-86c49142=\\"\\"><a data-v-86c49142=\\"\\" href=\\"/account/forgot-password\\"> Forgot password? </a></p>
  <p data-v-86c49142=\\"\\">New user? <a data-v-86c49142=\\"\\" href=\\"/account/create-account\\"> Create an account </a></p>
  <p data-v-86c49142=\\"\\" style=\\"margin-bottom: 0px;\\"> Submitted data previously but never set a password? <a data-v-86c49142=\\"\\" href=\\"#\\">Click here</a></p>
  <!---->
</div>"
`;
