// Jest Snapshot v1, https://goo.gl/fbAQLP

exports[`DatasetItem should match snapshot 1`] = `
<div class="dataset-item border border-solid border-gray-200 leading-5">
  <mock-el-dialog title="Provided metadata">
    <div class="el-row">
      <mock-el-tree id="metadata-tree" data="[object Object],[object Object]" node-key="id" default-expanded-keys="MS analysis,Detector resolving power,Data Management"></mock-el-tree>
    </div>
  </mock-el-dialog>
  <div class="opt-image--container"><a href="/datasets/mockdataset/add-optical-image" class="">
      <div title="Add Optical Image" class="thumb thumb__editable thumb__empty">
        <!---->
        <!----> <img src="../../../assets/no_opt_image.png" alt="Add optical image" class="thumb--img">
        <div class="thumb--overlay el-icon-edit el-icon-plus"></div>
      </div>
    </a></div>
  <div class="ds-info">
    <div class="ds-item-line flex"><span class="font-bold truncate"></span>
      <mock-el-popover trigger="hover" placement="top" class="ml-1">
        <div slot-key="default">
          <div mock-v-loading="true">

          </div>
        </div>
        <div slot-key="reference"><i class="el-icon-lock"></i></div>
      </mock-el-popover>
    </div>
    <div class="ds-item-line text-gray-700"><span title="Filter by species" class="ds-add-filter">
        organism</span>,
      <span title="Filter by organism part" class="ds-add-filter">
        organismpart</span> <span title="Filter by condition" class="ds-add-filter">
        (condition)</span></div>
    <div class="ds-item-line"><span title="Filter by ionisation source" class="ds-add-filter">
        </span> +
      <span title="Filter by analyzer type" class="ds-add-filter">
        type</span>,
      <span title="Filter by polarity" class="ds-add-filter">
        positive mode</span>,
      RP 123k @ 1234
    </div>
    <div class="ds-item-line">
      Submitted <mock-elapsed-time date="2020-04-17T11:37:50.318667"></mock-elapsed-time> by
      <span title="Filter by submitter" class="ds-add-filter">
        </span>
      <!---->
    </div>
    <div class="ds-item-line"><span><a href="/annotations?db=HMDB-v2.5&amp;ds=mockdataset" class="">20 annotations</a>
        @ FDR 10% (HMDB-v2.5)
      </span></div>
  </div>
  <div class="ds-actions"><span><i class="el-icon-picture"></i> <mock-el-popover trigger="hover" placement="top"><div slot-key="default"><div class="db-link-list">
          Select a database:
          <div><a href="/annotations?db=HMDB-v2.5&amp;ds=mockdataset" class="">
              HMDB-v2.5
            </a></div><div><a href="/annotations?db=HMDB-v4&amp;ds=mockdataset" class="">
              HMDB-v4
            </a></div><div><a href="/annotations?db=CHEBI&amp;ds=mockdataset" class="">
              CHEBI
            </a></div></div> </div><div slot-key="reference"><a>Browse annotations</a></div></mock-el-popover> <br></span>
    <!---->
    <!---->
    <div><i class="el-icon-view"></i> <a href="#">Show full metadata</a></div>
    <div><i class="el-icon-edit"></i> <a href="/datasets/edit/mockdataset" class="">
        Edit metadata
      </a></div>
    <!---->
    <div class="ds-delete"><i class="el-icon-delete"></i> <a href="#" class="text-danger">Delete dataset</a></div>
    <!---->
  </div>
  <!---->
</div>
`;
