// Vitest Snapshot v1, https://vitest.dev/guide/snapshot.html

exports[`Datasets/DownloadDialog > should match snapshot 1`] = `
"<div class=\\"mock-el-dialog\\" model-value=\\"true\\" lockscroll=\\"false\\" title=\\"Download Mouse whole body DHB\\">
  <p>
  <p>This dataset is distributed under the <a href=\\"https://creativecommons.org/licenses/by/4.0/\\" rel=\\"noopener noreferrer nofollow\\" target=\\"_blank\\">CC BY 4.0</a> license. Make sure to credit the author of this dataset:</p>
  </p>
  <ul>
    <li class=\\"list-none\\">Foo Bar, EMBL</li>
  </ul>
  <h4>Files</h4>
  <div class=\\"flex my-1 flex-wrap\\">
    <div class=\\"flex items-center p-1 w-1/2 box-border\\"><a href=\\"https://sm-engine-upload.s3.eu-west-1.amazonaws.com/test/Image5.ibd?AWSAccessKeyId=test&amp;Expires=1585569522&amp;Signature=test%3D\\"><svg xmlns=\\"http://www.w3.org/2000/svg\\" viewBox=\\"0 0 72 100\\" style=\\"width: 32px; height: 50px;\\">
          <linearGradient id=\\"a\\" gradientUnits=\\"userSpaceOnUse\\" x1=\\"36\\" y1=\\"99\\" x2=\\"36\\" y2=\\"1\\">
            <stop offset=\\"0\\" stop-color=\\"#c8d4db\\"></stop>
            <stop offset=\\".139\\" stop-color=\\"#d8e1e6\\"></stop>
            <stop offset=\\".359\\" stop-color=\\"#ebf0f3\\"></stop>
            <stop offset=\\".617\\" stop-color=\\"#f9fafb\\"></stop>
            <stop offset=\\"1\\" stop-color=\\"#fff\\"></stop>
          </linearGradient>
          <path d=\\"M45 1L71 27.7V99H1V1H45Z\\" fill=\\"url(#a)\\" stroke=\\"#7191a1\\" stroke-width=\\"2\\"></path>
          <linearGradient id=\\"b\\" gradientUnits=\\"userSpaceOnUse\\" x1=\\"45.068\\" y1=\\"27.796\\" x2=\\"58.568\\" y2=\\"14.395\\">
            <stop offset=\\"0\\" stop-color=\\"#fff\\"></stop>
            <stop offset=\\".35\\" stop-color=\\"#fafbfb\\"></stop>
            <stop offset=\\".532\\" stop-color=\\"#edf1f4\\"></stop>
            <stop offset=\\".675\\" stop-color=\\"#dde5e9\\"></stop>
            <stop offset=\\".799\\" stop-color=\\"#c7d3da\\"></stop>
            <stop offset=\\".908\\" stop-color=\\"#adbdc7\\"></stop>
            <stop offset=\\"1\\" stop-color=\\"#92a5b0\\"></stop>
          </linearGradient>
          <path d=\\"M45 1L71 27.7H45V1z\\" fill=\\"url(#b)\\" stroke-width=\\"2\\" stroke=\\"#7191a1\\" stroke-linejoin=\\"bevel\\"></path><text x=\\"36\\" y=\\"60\\" text-length=\\"64\\" text-anchor=\\"middle\\" font-size=\\"20px\\" font-weight=\\"bold\\" fill=\\"#7191a1\\">.ibd</text>
        </svg></a><a href=\\"https://sm-engine-upload.s3.eu-west-1.amazonaws.com/test/Image5.ibd?AWSAccessKeyId=test&amp;Expires=1585569522&amp;Signature=test%3D\\" class=\\"flex mx-3 my-1 overflow-hidden\\"><span class=\\"flex-shrink truncate\\">Image5</span><span>.ibd</span></a></div>
    <div class=\\"flex items-center p-1 w-1/2 box-border\\"><a href=\\"https://sm-engine-upload.s3.eu-west-1.amazonaws.com/test/Image5.imzML?AWSAccessKeyId=test&amp;Expires=1585569522&amp;Signature=test%3D\\"><svg xmlns=\\"http://www.w3.org/2000/svg\\" viewBox=\\"0 0 72 100\\" style=\\"width: 32px; height: 50px;\\">
          <linearGradient id=\\"a\\" gradientUnits=\\"userSpaceOnUse\\" x1=\\"36\\" y1=\\"99\\" x2=\\"36\\" y2=\\"1\\">
            <stop offset=\\"0\\" stop-color=\\"#c8d4db\\"></stop>
            <stop offset=\\".139\\" stop-color=\\"#d8e1e6\\"></stop>
            <stop offset=\\".359\\" stop-color=\\"#ebf0f3\\"></stop>
            <stop offset=\\".617\\" stop-color=\\"#f9fafb\\"></stop>
            <stop offset=\\"1\\" stop-color=\\"#fff\\"></stop>
          </linearGradient>
          <path d=\\"M45 1L71 27.7V99H1V1H45Z\\" fill=\\"url(#a)\\" stroke=\\"#7191a1\\" stroke-width=\\"2\\"></path>
          <linearGradient id=\\"b\\" gradientUnits=\\"userSpaceOnUse\\" x1=\\"45.068\\" y1=\\"27.796\\" x2=\\"58.568\\" y2=\\"14.395\\">
            <stop offset=\\"0\\" stop-color=\\"#fff\\"></stop>
            <stop offset=\\".35\\" stop-color=\\"#fafbfb\\"></stop>
            <stop offset=\\".532\\" stop-color=\\"#edf1f4\\"></stop>
            <stop offset=\\".675\\" stop-color=\\"#dde5e9\\"></stop>
            <stop offset=\\".799\\" stop-color=\\"#c7d3da\\"></stop>
            <stop offset=\\".908\\" stop-color=\\"#adbdc7\\"></stop>
            <stop offset=\\"1\\" stop-color=\\"#92a5b0\\"></stop>
          </linearGradient>
          <path d=\\"M45 1L71 27.7H45V1z\\" fill=\\"url(#b)\\" stroke-width=\\"2\\" stroke=\\"#7191a1\\" stroke-linejoin=\\"bevel\\"></path><text x=\\"36\\" y=\\"60\\" text-length=\\"64\\" text-anchor=\\"middle\\" font-size=\\"20px\\" font-weight=\\"bold\\" fill=\\"#7191a1\\">.imzML</text>
        </svg></a><a href=\\"https://sm-engine-upload.s3.eu-west-1.amazonaws.com/test/Image5.imzML?AWSAccessKeyId=test&amp;Expires=1585569522&amp;Signature=test%3D\\" class=\\"flex mx-3 my-1 overflow-hidden\\"><span class=\\"flex-shrink truncate\\">Image5</span><span>.imzML</span></a></div>
  </div>
  <p><i>These download links expire after 30 minutes.</i></p>
</div>"
`;
