// Vitest Snapshot v1, https://vitest.dev/guide/snapshot.html

exports[`EditUserPage > should match snapshot 1`] = `
"<div data-v-608ec0a2=\\"\\" class=\\"main-content\\">
  <div data-v-608ec0a2=\\"\\" class=\\"mock-el-dialog delete-account-dialog\\" title=\\"Delete account\\" model-value=\\"false\\" width=\\"500px\\" lock-scroll=\\"false\\">
    <p data-v-608ec0a2=\\"\\">If you delete your account, you will lose access to all private datasets.</p>
    <p data-v-608ec0a2=\\"\\"> Please select whether you would like to delete all your datasets or keep them within METASPACE accessible by the group members: </p>
    <!--Changed the Text below to the above version after discussion with Theo, plz consider if it fits-->
    <!--If you delete your account, you will lose access to any datasets, groups and-->
    <!--projects that have been explicitly shared with you--><label data-v-608ec0a2=\\"\\" class=\\"el-checkbox\\" style=\\"margin: 10px 20px;\\"><span class=\\"el-checkbox__input\\"><input class=\\"el-checkbox__original\\" type=\\"checkbox\\"><span class=\\"el-checkbox__inner\\"></span></span><span class=\\"el-checkbox__label\\"> Delete datasets that I have submitted <!--v-if--></span></label>
    <div data-v-608ec0a2=\\"\\" style=\\"margin: 10px 0px 20px; text-align: right;\\"><button data-v-608ec0a2=\\"\\" ariadisabled=\\"false\\" type=\\"button\\" class=\\"el-button\\" title=\\"Cancel\\">
        <!--v-if--><span class=\\"\\"> Cancel </span>
      </button><button data-v-608ec0a2=\\"\\" ariadisabled=\\"false\\" type=\\"button\\" class=\\"el-button el-button--danger\\" title=\\"Delete account\\">
        <!--v-if--><span class=\\"\\"> Delete account </span>
      </button></div>
    <p data-v-608ec0a2=\\"\\"><b data-v-608ec0a2=\\"\\">Note:</b> if you choose not to delete the datasets now, you will still be able to have them deleted later by emailing the <a data-v-608ec0a2=\\"\\" target=\\"_blank\\" href=\\"mailto:contact@metaspace2020.eu\\">METASPACE administrators</a>. </p>
  </div>
  <div data-v-608ec0a2=\\"\\" class=\\"user-edit-page el-loading-parent--relative\\" loading-number=\\"1\\">
    <div data-v-608ec0a2=\\"\\" class=\\"el-row\\">
      <div data-v-608ec0a2=\\"\\" class=\\"el-col el-col-16\\">
        <h2 data-v-608ec0a2=\\"\\">User details</h2>
      </div>
      <div data-v-608ec0a2=\\"\\" class=\\"el-col el-col-8\\"><button data-v-608ec0a2=\\"\\" ariadisabled=\\"false\\" type=\\"button\\" class=\\"el-button el-button--primary saveButton\\" title=\\"Save\\">
          <!--v-if--><span class=\\"\\"> Save </span>
        </button></div>
    </div>
    <div data-v-608ec0a2=\\"\\" class=\\"el-row\\" style=\\"margin-left: -10px; margin-right: -10px;\\">
      <form data-v-608ec0a2=\\"\\" class=\\"el-form el-form--default el-form--label-top w-full\\">
        <div data-v-608ec0a2=\\"\\" class=\\"flex flex-wrap w-full\\">
          <div data-v-608ec0a2=\\"\\" class=\\"el-col el-col-8 is-guttered\\" style=\\"padding-right: 10px; padding-left: 10px;\\">
            <div data-v-608ec0a2=\\"\\" class=\\"el-form-item is-required asterisk-left\\"><label id=\\"el-id-replaced\\" for=\\"el-id-replaced\\" class=\\"el-form-item__label\\">Full name</label>
              <div class=\\"el-form-item__content\\">
                <div data-v-608ec0a2=\\"\\" class=\\"el-input\\">
                  <!-- input -->
                  <!-- prepend slot -->
                  <!--v-if-->
                  <div class=\\"el-input__wrapper\\" tabindex=\\"-1\\">
                    <!-- prefix slot -->
                    <!--v-if--><input class=\\"el-input__inner\\" name=\\"name\\" type=\\"text\\" autocomplete=\\"off\\" tabindex=\\"0\\" id=\\"el-id-replaced\\"><!-- suffix slot -->
                    <!--v-if-->
                  </div><!-- append slot -->
                  <!--v-if-->
                </div>
              </div>
            </div>
          </div>
          <div data-v-608ec0a2=\\"\\" class=\\"el-col el-col-8 is-guttered\\" style=\\"padding-right: 10px; padding-left: 10px;\\">
            <div data-v-608ec0a2=\\"\\" class=\\"el-form-item is-required asterisk-left\\"><label id=\\"el-id-replaced\\" for=\\"el-id-replaced\\" class=\\"el-form-item__label\\">Email address</label>
              <div class=\\"el-form-item__content\\">
                <div data-v-608ec0a2=\\"\\" class=\\"el-input\\">
                  <!-- input -->
                  <!-- prepend slot -->
                  <!--v-if-->
                  <div class=\\"el-input__wrapper\\" tabindex=\\"-1\\">
                    <!-- prefix slot -->
                    <!--v-if--><input class=\\"el-input__inner\\" name=\\"email\\" type=\\"text\\" autocomplete=\\"off\\" tabindex=\\"0\\" id=\\"el-id-replaced\\"><!-- suffix slot -->
                    <!--v-if-->
                  </div><!-- append slot -->
                  <!--v-if-->
                </div>
              </div>
            </div>
            <!--v-if-->
          </div>
          <div data-v-608ec0a2=\\"\\" class=\\"el-col el-col-8 is-guttered\\" style=\\"padding-right: 10px; padding-left: 10px;\\">
            <div data-v-608ec0a2=\\"\\" class=\\"el-form-item is-required asterisk-left\\" role=\\"group\\" aria-labelledby=\\"el-id-replaced\\">
              <div id=\\"el-id-replaced\\" class=\\"el-form-item__label\\">Password</div>
              <div class=\\"el-form-item__content\\"><button data-v-608ec0a2=\\"\\" ariadisabled=\\"false\\" type=\\"button\\" class=\\"el-button is-link cursor-pointer\\" style=\\"color: rgb(23, 104, 175); margin-left: 16px; line-height: 32px;\\">
                  <!--v-if--><span class=\\"\\"> Click to change... </span>
                </button></div>
            </div>
          </div>
        </div>
      </form>
    </div>
    <div data-v-608ec0a2=\\"\\">
      <h2 data-v-608ec0a2=\\"\\">Groups</h2>
      <div data-v-608ec0a2=\\"\\">
        <!---->
        <table class=\\"sm-table sm-table-user-details\\">
          <tr>
            <th>Group</th>
            <th>Role</th>
            <th>Datasets</th>
            <th></th>
          </tr>
          <tr>
            <td>
              <div class=\\"sm-table-cell\\">
                <div>Group A</div>
                <!---->
              </div>
            </td>
            <td>Member</td>
            <td>0</td>
            <td>
              <div class=\\"sm-table-button-group\\"><button ariadisabled=\\"false\\" type=\\"button\\" class=\\"el-button el-button--small\\">
                  <div class=\\"mock-el-icon\\">
                    <arrowright></arrowright>
                  </div><span class=\\"\\">Leave</span>
                </button>
                <!---->
                <!---->
                <!---->
              </div>
            </td>
          </tr>
          <tr>
            <td>
              <div class=\\"sm-table-cell\\">
                <div>Group B</div>
                <!---->
              </div>
            </td>
            <td>Invited</td>
            <td>0</td>
            <td>
              <div class=\\"sm-table-button-group\\">
                <!---->
                <!----><button ariadisabled=\\"false\\" type=\\"button\\" class=\\"el-button el-button--success el-button--small\\">
                  <div class=\\"mock-el-icon\\">
                    <check></check>
                  </div><span class=\\"\\">Accept</span>
                </button><button ariadisabled=\\"false\\" type=\\"button\\" class=\\"el-button el-button--small\\">
                  <div class=\\"mock-el-icon\\">
                    <close></close>
                  </div><span class=\\"\\">Decline</span>
                </button>
              </div>
            </td>
          </tr>
          <tr>
            <td>
              <div class=\\"sm-table-cell\\">
                <div>Group C</div>
                <!---->
              </div>
            </td>
            <td>Requesting access</td>
            <td>0</td>
            <td>
              <div class=\\"sm-table-button-group\\">
                <!---->
                <!---->
                <!---->
                <!---->
              </div>
            </td>
          </tr>
          <tr>
            <td>
              <div class=\\"sm-table-cell\\">
                <div>Group D</div>
                <!---->
              </div>
            </td>
            <td>Group admin</td>
            <td>
              <div>20</div>
            </td>
            <td>
              <div class=\\"sm-table-button-group\\">
                <!----><button ariadisabled=\\"true\\" disabled=\\"\\" type=\\"button\\" class=\\"el-button el-button--small is-disabled\\">
                  <div class=\\"mock-el-icon\\">
                    <arrowright></arrowright>
                  </div><span class=\\"\\">Leave</span>
                </button>
                <!---->
                <!---->
              </div>
            </td>
          </tr>
        </table>
      </div>
      <div data-v-608ec0a2=\\"\\">
        <p data-v-608ec0a2=\\"\\">Primary group:</p>
        <div data-v-608ec0a2=\\"\\" class=\\"mock-el-select\\" placeholder=\\"Select\\" style=\\"width: 400px;\\">
          <div data-v-608ec0a2=\\"\\" class=\\"mock-el-option\\" label=\\"Group A\\" value=\\"AAA\\"></div>
          <div data-v-608ec0a2=\\"\\" class=\\"mock-el-option\\" label=\\"Group B\\" value=\\"BBB\\"></div>
          <div data-v-608ec0a2=\\"\\" class=\\"mock-el-option\\" label=\\"Group C\\" value=\\"CCC\\"></div>
          <div data-v-608ec0a2=\\"\\" class=\\"mock-el-option\\" label=\\"Group D\\" value=\\"DDD\\"></div>
        </div>
      </div>
    </div>
    <div data-v-608ec0a2=\\"\\" style=\\"margin-top: 40px;\\">
      <h2 data-v-608ec0a2=\\"\\">Projects</h2>
      <div data-v-743f9373=\\"\\" data-v-608ec0a2=\\"\\" class=\\"el-row\\">
        <div data-v-21d0472c=\\"\\" data-v-743f9373=\\"\\" class=\\"mock-el-dialog dialog\\" model-value=\\"false\\" append-to-body=\\"\\" title=\\"Create project\\" lock-scroll=\\"false\\">
          <div data-v-21d0472c=\\"\\">
            <form data-v-e0556da7=\\"\\" data-v-21d0472c=\\"\\" class=\\"el-form el-form--small el-form--label-top leading-6 v-rhythm-3\\">
              <div data-v-e0556da7=\\"\\"><label data-v-e0556da7=\\"\\"><span data-v-e0556da7=\\"\\" class=\\"text-base font-medium\\">Title</span>
                  <div data-v-e0556da7=\\"\\" class=\\"el-form-item el-form-item--small is-required asterisk-left\\">
                    <!--v-if-->
                    <div class=\\"el-form-item__content\\">
                      <div data-v-e0556da7=\\"\\" class=\\"el-input el-input--small py-1\\">
                        <!-- input -->
                        <!-- prepend slot -->
                        <!--v-if-->
                        <div class=\\"el-input__wrapper\\" tabindex=\\"-1\\">
                          <!-- prefix slot -->
                          <!--v-if--><input class=\\"el-input__inner\\" max-length=\\"50\\" min-length=\\"2\\" type=\\"text\\" autocomplete=\\"off\\" tabindex=\\"0\\" id=\\"el-id-replaced\\"><!-- suffix slot -->
                          <!--v-if-->
                        </div><!-- append slot -->
                        <!--v-if-->
                      </div>
                    </div>
                  </div>
                </label>
                <div data-v-e0556da7=\\"\\" class=\\"el-input el-input--small hidden\\">
                  <!-- input -->
                  <!-- prepend slot -->
                  <!--v-if-->
                  <div class=\\"el-input__wrapper\\" tabindex=\\"-1\\">
                    <!-- prefix slot -->
                    <!--v-if--><input class=\\"el-input__inner\\" type=\\"text\\" autocomplete=\\"off\\" tabindex=\\"0\\" id=\\"el-id-replaced\\"><!-- suffix slot -->
                    <!--v-if-->
                  </div><!-- append slot -->
                  <!--v-if-->
                </div>
              </div>
              <div data-v-e0556da7=\\"\\"><label data-v-e0556da7=\\"\\"><span data-v-e0556da7=\\"\\" class=\\"text-base font-medium\\">Privacy</span><span data-v-e0556da7=\\"\\" class=\\"block text-sm text-gray-800\\"> Visibility of the project only, does not apply to included datasets </span></label>
                <div data-v-e0556da7=\\"\\" class=\\"h-10 flex items-center\\">
                  <div data-v-e0556da7=\\"\\" class=\\"el-switch el-switch--small\\"><input class=\\"el-switch__input\\" type=\\"checkbox\\" role=\\"switch\\" aria-checked=\\"false\\" aria-disabled=\\"false\\" name=\\"\\" true-value=\\"true\\" false-value=\\"false\\" id=\\"el-id-replaced\\"><span class=\\"el-switch__label el-switch__label--left is-active\\"><!--v-if--><span aria-hidden=\\"false\\">Private</span></span><span class=\\"el-switch__core\\"><!--v-if--><div class=\\"el-switch__action\\"><!--v-if--></div></span><span class=\\"el-switch__label el-switch__label--right\\"><!--v-if--><span aria-hidden=\\"true\\">Public</span></span></div>
                </div>
                <!--v-if-->
              </div>
            </form>
            <!--v-if-->
            <div data-v-21d0472c=\\"\\" class=\\"button-bar\\"><button data-v-21d0472c=\\"\\" ariadisabled=\\"false\\" type=\\"button\\" class=\\"el-button\\">
                <!--v-if--><span class=\\"\\"> Cancel </span>
              </button><button data-v-21d0472c=\\"\\" ariadisabled=\\"false\\" autofocus=\\"\\" type=\\"button\\" class=\\"el-button el-button--primary\\">
                <!--v-if--><span class=\\"\\">Create project</span>
              </button></div>
          </div>
        </div>
        <table data-v-743f9373=\\"\\" class=\\"sm-table sm-table-user-details\\">
          <tr data-v-743f9373=\\"\\">
            <th data-v-743f9373=\\"\\">Project</th>
            <th data-v-743f9373=\\"\\">Role</th>
            <th data-v-743f9373=\\"\\">Datasets</th>
            <th data-v-743f9373=\\"\\"></th>
          </tr>
          <tr data-v-743f9373=\\"\\">
            <td data-v-743f9373=\\"\\">
              <div data-v-743f9373=\\"\\" class=\\"sm-table-cell\\">
                <div data-v-743f9373=\\"\\">Project A</div>
                <!--v-if-->
              </div>
            </td>
            <td data-v-743f9373=\\"\\">Member</td>
            <td data-v-743f9373=\\"\\">
              <!--v-if--><span data-v-743f9373=\\"\\">0</span>
            </td>
            <td data-v-743f9373=\\"\\"><button data-v-743f9373=\\"\\" ariadisabled=\\"false\\" type=\\"button\\" class=\\"el-button el-button--small\\">
                <div class=\\"mock-el-icon\\">
                  <arrowright></arrowright>
                </div><span class=\\"\\"> Leave </span>
              </button>
              <!--v-if-->
              <!--v-if-->
              <!--v-if-->
            </td>
          </tr>
          <tr data-v-743f9373=\\"\\">
            <td data-v-743f9373=\\"\\">
              <div data-v-743f9373=\\"\\" class=\\"sm-table-cell\\">
                <div data-v-743f9373=\\"\\">Project B</div>
                <!--v-if-->
              </div>
            </td>
            <td data-v-743f9373=\\"\\">Invited</td>
            <td data-v-743f9373=\\"\\">
              <!--v-if--><span data-v-743f9373=\\"\\">0</span>
            </td>
            <td data-v-743f9373=\\"\\">
              <!--v-if-->
              <!--v-if--><button data-v-743f9373=\\"\\" ariadisabled=\\"false\\" type=\\"button\\" class=\\"el-button el-button--success el-button--small\\">
                <div class=\\"mock-el-icon\\">
                  <check></check>
                </div><span class=\\"\\"> Accept </span>
              </button><button data-v-743f9373=\\"\\" ariadisabled=\\"false\\" type=\\"button\\" class=\\"el-button el-button--small\\">
                <div class=\\"mock-el-icon\\">
                  <close></close>
                </div><span class=\\"\\"> Decline </span>
              </button>
            </td>
          </tr>
          <tr data-v-743f9373=\\"\\">
            <td data-v-743f9373=\\"\\">
              <div data-v-743f9373=\\"\\" class=\\"sm-table-cell\\">
                <div data-v-743f9373=\\"\\">Project C</div>
                <!--v-if-->
              </div>
            </td>
            <td data-v-743f9373=\\"\\">Requesting access</td>
            <td data-v-743f9373=\\"\\">
              <!--v-if--><span data-v-743f9373=\\"\\">0</span>
            </td>
            <td data-v-743f9373=\\"\\">
              <!--v-if-->
              <!--v-if-->
              <!--v-if-->
              <!--v-if-->
            </td>
          </tr>
          <tr data-v-743f9373=\\"\\">
            <td data-v-743f9373=\\"\\">
              <div data-v-743f9373=\\"\\" class=\\"sm-table-cell\\">
                <div data-v-743f9373=\\"\\">Project D</div>
                <!--v-if-->
              </div>
            </td>
            <td data-v-743f9373=\\"\\">Project manager</td>
            <td data-v-743f9373=\\"\\">
              <div data-v-743f9373=\\"\\">20</div>
              <!--v-if-->
            </td>
            <td data-v-743f9373=\\"\\">
              <!--v-if--><button data-v-743f9373=\\"\\" ariadisabled=\\"true\\" disabled=\\"\\" type=\\"button\\" class=\\"el-button el-button--small is-disabled\\">
                <div class=\\"mock-el-icon\\">
                  <arrowright></arrowright>
                </div><span class=\\"\\"> Leave </span>
              </button>
              <!--v-if-->
              <!--v-if-->
            </td>
          </tr>
        </table>
        <div data-v-743f9373=\\"\\" class=\\"el-row\\"><button data-v-743f9373=\\"\\" ariadisabled=\\"false\\" type=\\"button\\" class=\\"el-button\\" style=\\"float: right; margin: 10px 0px;\\">
            <!--v-if--><span class=\\"\\"> Create project </span>
          </button></div>
      </div>
    </div>
    <!--The section below will be introduced in vFuture-->
    <!--<div class=\\"notifications\\" style=\\"margin-top: 30px\\">-->
    <!--<h2>Notifications</h2>-->
    <!--<div class=\\"notification-list\\" style=\\"padding-left: 10px\\">-->
    <!--<el-row :gutter=\\"0\\">-->
    <!--<el-col :span=\\"12\\"><p>Send an email when:</p>-->
    <!--<el-checkbox-group-->
    <!--class=\\"notifications\\">-->
    <!--<div class=\\"notifications_checkbox\\">-->
    <!--<el-checkbox-->
    <!--label=\\"My dataset's processing has successfully finished\\"></el-checkbox>-->
    <!--</div>-->
    <!--<div class=\\"notifications_checkbox\\">-->
    <!--<el-checkbox class=\\"notifications_checkbox\\"-->
    <!--label=\\"My dataset's processing failed\\"></el-checkbox>-->
    <!--</div>-->
    <!--</el-checkbox-group>-->
    <!--<p>Show a notification when:</p>-->
    <!--<el-checkbox-group :indeterminate=\\"isIndeterminate\\" v-model=\\"checkList\\"-->
    <!--class=\\"notifications\\">-->
    <!--<div class=\\"notifications_checkbox\\">-->
    <!--<el-checkbox class=\\"notifications_checkbox\\"-->
    <!--label=\\"My dataset's processing has successfully finished\\"></el-checkbox>-->
    <!--</div>-->
    <!--<div class=\\"notifications_checkbox\\">-->
    <!--<el-checkbox class=\\"notifications_checkbox\\"-->
    <!--label=\\"A dataset is added to a group or project that I belong to\\"></el-checkbox>-->
    <!--</div>-->
    <!--<div class=\\"notifications_checkbox\\">-->
    <!--<el-checkbox class=\\"notifications_checkbox\\"-->
    <!--label=\\"A public dataset has been added to the queue\\"></el-checkbox>-->
    <!--</div>-->
    <!--<div class=\\"notifications_checkbox\\">-->
    <!--<el-checkbox class=\\"notifications_checkbox\\"-->
    <!--label=\\"A public dataset has finished processing\\"></el-checkbox>-->
    <!--</div>-->
    <!--</el-checkbox-group>-->
    <!--</el-col>-->
    <!--</el-row>-->
    <!--</div>-->
    <!--</div>-->
    <section data-v-608ec0a2=\\"\\">
      <h2 data-v-608ec0a2=\\"\\">API access</h2>
      <div data-v-608ec0a2=\\"\\" class=\\"action-with-message\\">
        <p data-v-608ec0a2=\\"\\" class=\\"max-w-measure-4\\"> To <a data-v-608ec0a2=\\"\\" target=\\"_blank\\" href=\\"https://github.com/metaspace2020/metaspace/tree/master/metaspace/python-client\\">access METASPACE programmatically</a> or integrate with trusted third-party applications, an API key can be used to avoid sharing your password. </p><button data-v-608ec0a2=\\"\\" ariadisabled=\\"false\\" type=\\"button\\" class=\\"el-button\\">
          <!--v-if--><span class=\\"\\"> Generate API key </span>
        </button>
      </div>
      <!--v-if-->
    </section>
    <section data-v-608ec0a2=\\"\\">
      <h2 data-v-608ec0a2=\\"\\">Delete account</h2>
      <div data-v-608ec0a2=\\"\\" class=\\"action-with-message\\">
        <p data-v-608ec0a2=\\"\\" class=\\"max-w-measure-3\\"> If you delete your METASPACE account, you can optionally remove all of your datasets. If datasets are not removed, the private data will still be accessible by the group members only. </p><button data-v-608ec0a2=\\"\\" ariadisabled=\\"false\\" type=\\"button\\" class=\\"el-button el-button--danger\\" title=\\"Delete account\\">
          <!--v-if--><span class=\\"\\"> Delete account </span>
        </button>
      </div>
    </section>
    <div class=\\"el-loading-mask el-loading-fade-enter-from el-loading-fade-enter-active\\" style=\\"\\">
      <div class=\\"el-loading-spinner\\"><svg class=\\"circular\\" viewBox=\\"0 0 50 50\\">
          <circle class=\\"path\\" cx=\\"25\\" cy=\\"25\\" r=\\"20\\" fill=\\"none\\"></circle>
        </svg>
        <!---->
      </div>
    </div>
  </div>
</div>"
`;
