// Jest Snapshot v1, https://goo.gl/fbAQLP

exports[`DatasetComparisonAnnotationTable it should match snapshot 1`] = `
<div class="dataset-comparison-annotation-table" annotations="[object Object],[object Object]" onrowchange="function mockConstructor(_a) {
        return fn.apply(this, arguments);
      }">
  <div class="el-table el-table--fit el-table--striped el-table--border el-table--scrollable-x el-table--enable-row-hover el-table--mini" id="annot-table" elementloadingtext="Loading results …" tabindex="1">
    <div class="hidden-columns">
      <div></div>
      <div></div>
      <div></div>
    </div>
    <div class="el-table__header-wrapper">
      <table cellspacing="0" cellpadding="0" border="0" class="el-table__header" style="width: 220px;">
        <colgroup>
          <col name="el-table_1_column_1" width="120">
          <col name="el-table_1_column_2" width="60">
          <col name="el-table_1_column_3" width="40">
        </colgroup>
        <thead class="">
          <tr class="">
            <th colspan="1" rowspan="1" class="el-table_1_column_1     is-leaf is-sortable">
              <div class="cell">Annotation<span class="caret-wrapper"><i class="sort-caret ascending"></i><i class="sort-caret descending"></i></span></div>
            </th>
            <th colspan="1" rowspan="1" class="el-table_1_column_2     is-leaf is-sortable">
              <div class="cell">MSM<span class="caret-wrapper"><i class="sort-caret ascending"></i><i class="sort-caret descending"></i></span></div>
            </th>
            <th colspan="1" rowspan="1" class="el-table_1_column_3   fdr-cell  is-leaf is-sortable">
              <div class="cell">FDR<span class="caret-wrapper"><i class="sort-caret ascending"></i><i class="sort-caret descending"></i></span></div>
            </th>
          </tr>
        </thead>
      </table>
    </div>
    <div class="el-table__body-wrapper is-scrolling-left">
      <table cellspacing="0" cellpadding="0" border="0" class="el-table__body" style="width: 220px;">
        <colgroup>
          <col name="el-table_1_column_1" width="120">
          <col name="el-table_1_column_2" width="60">
          <col name="el-table_1_column_3" width="40">
        </colgroup>
        <tbody>
          <!---->
        </tbody>
      </table>
      <div class="el-table__empty-block" style="height: 100%; width: 220px;"><span class="el-table__empty-text">暂无数据</span></div>
      <!---->
    </div>
    <!---->
    <!---->
    <!---->
    <!---->
    <div class="el-table__column-resize-proxy" style="display: none;"></div>
  </div>
  <div class="flex justify-between items-start mt-2">
    <div>
      <mock-el-pagination total="2" pagesize="15" pagesizes="15,20,25,30" currentpage="0" layout="prev,pager,next,sizes"></mock-el-pagination>
      <div id="annot-count" class="mt-2"><b>2</b> matching records</div>
      <div class="mt-2">
        <div class="fdr-legend-header">FDR levels:</div>
        <div class="fdr-legend fdr-5">5%</div>
        <div class="fdr-legend fdr-10">10%</div>
        <div class="fdr-legend fdr-20">20%</div>
        <div class="fdr-legend fdr-50">50%</div>
      </div>
    </div>
  </div>
</div>
`;
