// Jest Snapshot v1, https://goo.gl/fbAQLP

exports[`DatasetComparisonAnnotationTable it should match snapshot 1`] = `
<div class="dataset-comparison-grid" ncols="2" nrows="1" settings="[object Object]" selectedannotation="0" annotations="[object Object]">
  <div class="dataset-comparison-grid-row">
    <div class="dataset-comparison-grid-col overflow-hidden relative"><span slot="title" class="w-full dataset-comparison-grid-item-header dom-to-image-hidden"><span>
    Image viewer
  </span>
      <div class="flex items-center pr-4 cursor-default">
        <mock-el-popover placement="bottom" trigger="click">
          <div slot-key="default"><span id="ion-image-settings"><form class="el-form el-form--label-top"><div class="el-form-item" data-feature-anchor="ion-image-color-scale"><label class="el-form-item__label">Intensity scaling</label><div class="el-form-item__content"><mock-el-select value="linear" style="width: 300px;"><mock-el-option value="linear" label="Linear"></mock-el-option> <mock-el-option value="linear-full" label="Linear (without hot-spot removal)"></mock-el-option> <mock-el-option value="log" label="Logarithmic"></mock-el-option> <mock-el-option value="log-full" label="Logarithmic (without outlier clipping)"></mock-el-option> <mock-el-option value="hist" label="Equalized histogram"></mock-el-option></mock-el-select><transition-stub name="el-zoom-in-top"><!----></transition-stub></div></div> <div class="el-form-item"><label class="el-form-item__label">Colormap</label><div class="el-form-item__content"><mock-el-select value="Viridis" style="width: 150px;"><ul class="el-select-group__wrap"><li class="el-select-group__title"></li><li><ul class="el-select-group"><mock-el-option value="Viridis" label="Viridis" class="flex items-center pr-5 py-2"><div class="h-full w-full"></div></mock-el-option><mock-el-option value="Cividis" label="Cividis" class="flex items-center pr-5 py-2"><div class="h-full w-full"></div></mock-el-option><mock-el-option value="Hot" label="Hot" class="flex items-center pr-5 py-2"><div class="h-full w-full"></div></mock-el-option><mock-el-option value="YlGnBu" label="YlGnBu" class="flex items-center pr-5 py-2"><div class="h-full w-full"></div></mock-el-option><mock-el-option value="Portland" label="Portland" class="flex items-center pr-5 py-2"><div class="h-full w-full"></div></mock-el-option><mock-el-option value="Greys" label="Greys" class="flex items-center pr-5 py-2"><div class="h-full w-full"></div></mock-el-option><mock-el-option value="Inferno" label="Inferno" class="flex items-center pr-5 py-2"><div class="h-full w-full"></div></mock-el-option><mock-el-option value="Turbo" label="Turbo" class="flex items-center pr-5 py-2"><div class="h-full w-full"></div></mock-el-option></ul></li></ul> <ul class="el-select-group__wrap"><li class="el-select-group__title">Inverted</li><li><ul class="el-select-group"><mock-el-option value="-Viridis" label="Viridis" class="flex items-center pr-5 py-2"><div class="h-full w-full"></div></mock-el-option><mock-el-option value="-Cividis" label="Cividis" class="flex items-center pr-5 py-2"><div class="h-full w-full"></div></mock-el-option><mock-el-option value="-Hot" label="Hot" class="flex items-center pr-5 py-2"><div class="h-full w-full"></div></mock-el-option><mock-el-option value="-YlGnBu" label="YlGnBu" class="flex items-center pr-5 py-2"><div class="h-full w-full"></div></mock-el-option><mock-el-option value="-Portland" label="Portland" class="flex items-center pr-5 py-2"><div class="h-full w-full"></div></mock-el-option><mock-el-option value="-Greys" label="Greys" class="flex items-center pr-5 py-2"><div class="h-full w-full"></div></mock-el-option><mock-el-option value="-Inferno" label="Inferno" class="flex items-center pr-5 py-2"><div class="h-full w-full"></div></mock-el-option><mock-el-option value="-Turbo" label="Turbo" class="flex items-center pr-5 py-2"><div class="h-full w-full"></div></mock-el-option></ul></li></ul></mock-el-select><transition-stub name="el-zoom-in-top"><!----></transition-stub></div></div> <div class="el-form-item"><label class="el-form-item__label">Scale bar color</label><div class="el-form-item__content"><mock-el-select value="#000000" style="width: 150px;"><mock-el-option value="#000000" label="Black"><div style="position: relative; background: transparent; height: 50px;"><div class="scale-bar"><div class="scale-bar-x" style="color: rgb(0, 0, 0); border-color: #000000; width: 62.5px;"><div class="scale-bar-x-text">
      500 µm
    </div></div> <!----></div></div></mock-el-option><mock-el-option value="#999999" label="Gray"><div style="position: relative; background: transparent; height: 50px;"><div class="scale-bar"><div class="scale-bar-x" style="color: rgb(153, 153, 153); border-color: #999999; width: 62.5px;"><div class="scale-bar-x-text">
      500 µm
    </div></div> <!----></div></div></mock-el-option><mock-el-option value="#FFFFFF" label="White"><div style="position: relative; background: rgb(204, 204, 204); height: 50px;"><div class="scale-bar"><div class="scale-bar-x" style="color: rgb(255, 255, 255); border-color: #ffffff; width: 62.5px;"><div class="scale-bar-x-text">
      500 µm
    </div></div> <!----></div></div></mock-el-option> <mock-el-option value="hidden" label="Hidden"></mock-el-option></mock-el-select><transition-stub name="el-zoom-in-top"><!----></transition-stub></div></div></form></span> </div>
          <div slot-key="reference"><button class="button-reset av-icon-button"><i data-feature-anchor="ion-image-settings" class="el-icon-setting" style="font-size: 20px; vertical-align: middle;"></i></button></div>
        </mock-el-popover> <button title="Reset image zoom and offsets" class="button-reset av-icon-button"><svg data-icon="aspect-ratio" class="w-6 h-6 fill-current text-gray-900"></svg></button>
        <!---->
      </div>
      <transition-stub mode="out-in" enterclass="opacity-0" leavetoclass="opacity-0" enteractiveclass="duration-150 transition-opacity ease-in-out" leaveactiveclass="duration-150 transition-opacity ease-in-out"></transition-stub>
      </span>
      <div class="ds-wrapper relative">
        <div class="ds-viewer-controls-wrapper  v-rhythm-3 sm-side-bar">
          <transition-stub mode="out-in" enterclass="opacity-0" leavetoclass="opacity-0" enteractiveclass="duration-150 transition-opacity ease-in-out" leaveactiveclass="duration-150 transition-opacity ease-in-out" class="absolute bottom-0 right-0 mt-3 ml-3 dom-to-image-hidden"></transition-stub>
          <transition-stub mode="out-in" enterclass="opacity-0" leavetoclass="opacity-0" enteractiveclass="duration-150 transition-opacity ease-in-out" leaveactiveclass="duration-150 transition-opacity ease-in-out" class="absolute top-0 right-0 mt-3 ml-3 dom-to-image-hidden"></transition-stub>
        </div><button title="Export image" class="button-reset rounded-full bg-gray-100 shadow-xs h-8 w-8 flex items-center justify-center cursor-not-allowed absolute top-0 left-0 mt-3 ml-3 dom-to-image-hidden"><i class="el-icon-download text-xl"></i></button>
      </div>
    </div>
    <div class="dataset-comparison-grid-col overflow-hidden relative"><span slot="title" class="w-full dataset-comparison-grid-item-header dom-to-image-hidden"><span>
    Image viewer
  </span>
      <div class="flex items-center pr-4 cursor-default">
        <mock-el-popover placement="bottom" trigger="click">
          <div slot-key="default"><span id="ion-image-settings"><form class="el-form el-form--label-top"><div class="el-form-item" data-feature-anchor="ion-image-color-scale"><label class="el-form-item__label">Intensity scaling</label><div class="el-form-item__content"><mock-el-select value="linear" style="width: 300px;"><mock-el-option value="linear" label="Linear"></mock-el-option> <mock-el-option value="linear-full" label="Linear (without hot-spot removal)"></mock-el-option> <mock-el-option value="log" label="Logarithmic"></mock-el-option> <mock-el-option value="log-full" label="Logarithmic (without outlier clipping)"></mock-el-option> <mock-el-option value="hist" label="Equalized histogram"></mock-el-option></mock-el-select><transition-stub name="el-zoom-in-top"><!----></transition-stub></div></div> <div class="el-form-item"><label class="el-form-item__label">Colormap</label><div class="el-form-item__content"><mock-el-select value="Viridis" style="width: 150px;"><ul class="el-select-group__wrap"><li class="el-select-group__title"></li><li><ul class="el-select-group"><mock-el-option value="Viridis" label="Viridis" class="flex items-center pr-5 py-2"><div class="h-full w-full"></div></mock-el-option><mock-el-option value="Cividis" label="Cividis" class="flex items-center pr-5 py-2"><div class="h-full w-full"></div></mock-el-option><mock-el-option value="Hot" label="Hot" class="flex items-center pr-5 py-2"><div class="h-full w-full"></div></mock-el-option><mock-el-option value="YlGnBu" label="YlGnBu" class="flex items-center pr-5 py-2"><div class="h-full w-full"></div></mock-el-option><mock-el-option value="Portland" label="Portland" class="flex items-center pr-5 py-2"><div class="h-full w-full"></div></mock-el-option><mock-el-option value="Greys" label="Greys" class="flex items-center pr-5 py-2"><div class="h-full w-full"></div></mock-el-option><mock-el-option value="Inferno" label="Inferno" class="flex items-center pr-5 py-2"><div class="h-full w-full"></div></mock-el-option><mock-el-option value="Turbo" label="Turbo" class="flex items-center pr-5 py-2"><div class="h-full w-full"></div></mock-el-option></ul></li></ul> <ul class="el-select-group__wrap"><li class="el-select-group__title">Inverted</li><li><ul class="el-select-group"><mock-el-option value="-Viridis" label="Viridis" class="flex items-center pr-5 py-2"><div class="h-full w-full"></div></mock-el-option><mock-el-option value="-Cividis" label="Cividis" class="flex items-center pr-5 py-2"><div class="h-full w-full"></div></mock-el-option><mock-el-option value="-Hot" label="Hot" class="flex items-center pr-5 py-2"><div class="h-full w-full"></div></mock-el-option><mock-el-option value="-YlGnBu" label="YlGnBu" class="flex items-center pr-5 py-2"><div class="h-full w-full"></div></mock-el-option><mock-el-option value="-Portland" label="Portland" class="flex items-center pr-5 py-2"><div class="h-full w-full"></div></mock-el-option><mock-el-option value="-Greys" label="Greys" class="flex items-center pr-5 py-2"><div class="h-full w-full"></div></mock-el-option><mock-el-option value="-Inferno" label="Inferno" class="flex items-center pr-5 py-2"><div class="h-full w-full"></div></mock-el-option><mock-el-option value="-Turbo" label="Turbo" class="flex items-center pr-5 py-2"><div class="h-full w-full"></div></mock-el-option></ul></li></ul></mock-el-select><transition-stub name="el-zoom-in-top"><!----></transition-stub></div></div> <div class="el-form-item"><label class="el-form-item__label">Scale bar color</label><div class="el-form-item__content"><mock-el-select value="#000000" style="width: 150px;"><mock-el-option value="#000000" label="Black"><div style="position: relative; background: transparent; height: 50px;"><div class="scale-bar"><div class="scale-bar-x" style="color: rgb(0, 0, 0); border-color: #000000; width: 62.5px;"><div class="scale-bar-x-text">
      500 µm
    </div></div> <!----></div></div></mock-el-option><mock-el-option value="#999999" label="Gray"><div style="position: relative; background: transparent; height: 50px;"><div class="scale-bar"><div class="scale-bar-x" style="color: rgb(153, 153, 153); border-color: #999999; width: 62.5px;"><div class="scale-bar-x-text">
      500 µm
    </div></div> <!----></div></div></mock-el-option><mock-el-option value="#FFFFFF" label="White"><div style="position: relative; background: rgb(204, 204, 204); height: 50px;"><div class="scale-bar"><div class="scale-bar-x" style="color: rgb(255, 255, 255); border-color: #ffffff; width: 62.5px;"><div class="scale-bar-x-text">
      500 µm
    </div></div> <!----></div></div></mock-el-option> <mock-el-option value="hidden" label="Hidden"></mock-el-option></mock-el-select><transition-stub name="el-zoom-in-top"><!----></transition-stub></div></div></form></span> </div>
          <div slot-key="reference"><button class="button-reset av-icon-button"><i data-feature-anchor="ion-image-settings" class="el-icon-setting" style="font-size: 20px; vertical-align: middle;"></i></button></div>
        </mock-el-popover> <button title="Reset image zoom and offsets" class="button-reset av-icon-button"><svg data-icon="aspect-ratio" class="w-6 h-6 fill-current text-gray-900"></svg></button>
        <!---->
      </div>
      <transition-stub mode="out-in" enterclass="opacity-0" leavetoclass="opacity-0" enteractiveclass="duration-150 transition-opacity ease-in-out" leaveactiveclass="duration-150 transition-opacity ease-in-out"></transition-stub>
      </span>
      <div class="ds-wrapper relative">
        <div class="ds-viewer-controls-wrapper  v-rhythm-3 sm-side-bar">
          <transition-stub mode="out-in" enterclass="opacity-0" leavetoclass="opacity-0" enteractiveclass="duration-150 transition-opacity ease-in-out" leaveactiveclass="duration-150 transition-opacity ease-in-out" class="absolute bottom-0 right-0 mt-3 ml-3 dom-to-image-hidden"></transition-stub>
          <transition-stub mode="out-in" enterclass="opacity-0" leavetoclass="opacity-0" enteractiveclass="duration-150 transition-opacity ease-in-out" leaveactiveclass="duration-150 transition-opacity ease-in-out" class="absolute top-0 right-0 mt-3 ml-3 dom-to-image-hidden"></transition-stub>
        </div><button title="Export image" class="button-reset rounded-full bg-gray-100 shadow-xs h-8 w-8 flex items-center justify-center cursor-not-allowed absolute top-0 left-0 mt-3 ml-3 dom-to-image-hidden"><i class="el-icon-download text-xl"></i></button>
      </div>
    </div>
  </div>
</div>
`;
