// Jest Snapshot v1, https://goo.gl/fbAQLP

exports[`GroupsListPage should match snapshot logged as admin 1`] = `
<div class="page">
  <div class="page-content">
    <div class="tf-outer w-auto el-input el-input-group el-input-group--prepend">
      <div class="el-input-group__prepend"><i class="el-icon-search -mx-1"></i></div><input type="text" autocomplete="off" placeholder="Enter keywords" class="el-input__inner">
      <!---->
      <!---->
      <!---->
      <!---->
    </div>
    <div class="el-row is-justify-end el-row--flex"><button type="button" class="el-button el-button--default">
        <!---->
        <!----><span>
        Create group
      </span></button></div>
    <div class="clearfix"></div>
    <div mock-v-loading="false">
      <div class="group-item"><a href="/group/group1" class="underlay"></a>
        <div class="item-body">
          <div class="info">
            <div class="info-line group-name"><a href="/group/group1" class="">
                group1
                <i>(g1)</i></a></div>
            <div class="info-line"><span><a href="/datasets?grp=group1" class="">66 Datasets</a>,
        </span>
              2 Members
            </div>
          </div>
          <div class="actions">
            <div><i class="el-icon-picture"></i> <a href="/datasets?grp=group1" class="" data-test-key="dataset-link">
                Browse datasets
              </a></div>
            <div><i class="el-icon-edit"></i> <a href="/group/group1?tab=settings" class="" data-test-key="manage-link">
                Manage group
              </a></div>
          </div>
        </div>
      </div>
      <div class="group-item"><a href="/group/group2" class="underlay"></a>
        <div class="item-body">
          <div class="info">
            <div class="info-line group-name"><a href="/group/group2" class="">
                group2
                <i>(g2)</i></a></div>
            <div class="info-line"><span><a href="/datasets?grp=group2" class="">66 Datasets</a>,
        </span>
              1 Member
            </div>
          </div>
          <div class="actions">
            <div><i class="el-icon-picture"></i> <a href="/datasets?grp=group2" class="" data-test-key="dataset-link">
                Browse datasets
              </a></div>
            <div><i class="el-icon-edit"></i> <a href="/group/group2?tab=settings" class="" data-test-key="manage-link">
                Manage group
              </a></div>
          </div>
        </div>
      </div>
    </div>
  </div>
</div>
`;

exports[`GroupsListPage should match snapshot logged as non-admin 1`] = ``;
