// Jest Snapshot v1, https://goo.gl/fbAQLP

exports[`MetadataEditor should be able to load an existing dataset: metadata 1`] = `
Object {
  "Additional_Information": Object {
    "Supplementary": "Lorem ipsum dolor sit amet, consectetur adipiscing elit.",
  },
  "Data_Type": "Imaging MS",
  "MS_Analysis": Object {
    "Analyzer": "none",
    "Detector_Resolving_Power": Object {
      "Resolving_Power": 123456,
      "mz": 123,
    },
    "Ionisation_Source": "none",
    "Pixel_Size": Object {
      "Xaxis": 0,
      "Yaxis": 0,
    },
    "Polarity": "Positive",
  },
  "Sample_Information": Object {
    "Condition": "Live",
    "Organism": "Human",
    "Organism_Part": "Liver",
    "Sample_Growth_Conditions": "N/A",
  },
  "Sample_Preparation": Object {
    "MALDI_Matrix": "baz",
    "MALDI_Matrix_Application": "qux",
    "Sample_Stabilisation": "foo",
    "Solvent": "quux",
    "Tissue_Modification": "bar",
  },
}
`;

exports[`MetadataEditor should be able to load an existing dataset: metaspaceOptions 1`] = `
Object {
  "adducts": Array [
    "adducts.0.adduct",
  ],
  "analysisVersion": 1,
  "chemMods": Array [],
  "databaseIds": Array [
    1,
  ],
  "datasetDescription": null,
  "decoySampleSize": null,
  "groupId": "123",
  "isPublic": true,
  "name": "dataset.name",
  "neutralLosses": Array [],
  "numPeaks": null,
  "ppm": null,
  "principalInvestigator": Object {
    "email": "dataset.principalInvestigator.email",
    "name": "dataset.principalInvestigator.name",
  },
  "projectIds": Array [
    "dataset.projects.0.id",
    "dataset.projects.1.id",
  ],
  "submitterId": "123",
}
`;

exports[`MetadataEditor should match snapshot 1`] = `
<div id="md-editor-container">
  <div mock-v-loading="true" style="position: relative;">
    <div id="md-section-list">
      <div class="flex flex-row w-full flex-wrap mt-6">
        <div class="metadata-section__title w-3/12">
          Dataset Description
        </div>
        <rich-text-stub contentclassname="customEditor" update="function () { [native code] }" autofocus="true" id="description-container"></rich-text-stub>
      </div>
      <form-section-stub sectionkey="Sample_Information" section="[object Object]" value="[object Object]" getsuggestionsforfield="function () { [native code] }"></form-section-stub>
      <form-section-stub sectionkey="Sample_Preparation" section="[object Object]" value="[object Object]" getsuggestionsforfield="function () { [native code] }"></form-section-stub>
      <form-section-stub sectionkey="MS_Analysis" section="[object Object]" value="[object Object]" getsuggestionsforfield="function () { [native code] }"></form-section-stub>
      <data-management-section-stub value="[object Object]" submitter="[object Object]"></data-management-section-stub>
      <visibility-option-section-stub ispublic="true"></visibility-option-section-stub>
      <metaspace-options-section-stub value="[object Object]" databasesbygroup="[object Object],[object Object]" adductoptions="[object Object],[object Object],[object Object]" isnewdataset="true"></metaspace-options-section-stub>
    </div>
  </div>
</div>
`;
