// Jest Snapshot v1, https://goo.gl/fbAQLP

exports[`DatasetBrowserKendrickPlot it should match snapshot when empty 1`] = `
<div
  class="dataset-browser-kendrick-container"
  isempty="true"
/>
`;

exports[`DatasetBrowserKendrickPlot it should match snapshot when loading chart data 1`] = `
<div
  class="dataset-browser-kendrick-container"
  isdataloading="true"
>
  <div
    class="chart-holder"
  >
    <div
      class="loader-holder"
    >
      <div>
        <i
          class="el-icon-loading"
        />
      </div>
    </div>
    <!--function (el) {
      var obj;

      var args = [], len = arguments.length - 1;
      while ( len-- &gt; 0 ) args[ len ] = arguments[ len + 1 ];
      if (shouldNotBeStubbed(el, stubs, modifiedComponents)) {
        return originalCreateElement.apply(void 0, [ el ].concat( args ))
      }

      if (isConstructor(el) || isComponentOptions(el)) {
        if (stubAllComponents) {
          var stub = createStubFromComponent(el, el.name || 'anonymous', _Vue);
          return originalCreateElement.apply(void 0, [ stub ].concat( args ))
        }
        var Constructor = shouldExtend(el) ? extend(el, _Vue) : el;

        return originalCreateElement.apply(void 0, [ Constructor ].concat( args ))
      }

      if (typeof el === 'string') {
        var original = resolveComponent(el, originalComponents);

        if (!original) {
          return originalCreateElement.apply(void 0, [ el ].concat( args ))
        }

        if (isDynamicComponent(original)) {
          return originalCreateElement.apply(void 0, [ el ].concat( args ))
        }

        var stub$1 = createStubIfNeeded(stubAllComponents, original, _Vue, el);

        if (stub$1) {
          Object.assign(vm.$options.components, ( obj = {}, obj[el] = stub$1, obj ));
          modifiedComponents.add(el);
        }
      }

      return originalCreateElement.apply(void 0, [ el ].concat( args ))
    }-->
  </div>
</div>
`;
