// Vitest Snapshot v1, https://vitest.dev/guide/snapshot.html

exports[`DatasetOverviewPage > should match snapshot when dataset does not exist 1`] = `"<div class=\\"text-center\\">This dataset doesn't exist, or you do not have access to it.</div>"`;

exports[`DatasetOverviewPage > should match snapshot when dataset exist 1`] = `
"<div class=\\"dataset-overview-container justify-center\\">
  <div class=\\"dataset-overview-wrapper w-full\\">
    <div class=\\"dataset-overview-header\\">
      <div class=\\"flex flex-row items-center justify-between\\">
        <h1 class=\\"truncate \\"><span class=\\"break-all whitespace-normal overflow-hidden\\">JD_Sampe</span></h1>
        <div data-v-0bc4b279=\\"\\" class=\\"mock-el-popover\\" trigger=\\"hover\\" placement=\\"top\\" popper-class=\\"min-w-0\\">
          <p data-v-0bc4b279=\\"\\" class=\\"leading-none m-0\\">Copy datasetname to clipboard</p>
        </div><span class=\\"text-base align-middle\\"><!----></span>
      </div>
      <!---->
    </div>
    <div class=\\"dataset-overview-holder\\">
      <p class=\\"truncate\\">John Doe<a class=\\"ml-1\\" href=\\"/group/gxxxx\\">(TG)</a></p>
      <div>11 March, 2021</div>
      <section class=\\"sm-RichText dataset-opt-description p-0\\">
        <!---->
        <div>
          <div class=\\"transition-colors ease-in-out duration-300 rounded bg-transparent\\">
            <div contenteditable=\\"false\\" translate=\\"no\\" class=\\"tiptap ProseMirror\\">
              <p data-placeholder=\\" \\" class=\\"sm-RichText-placeholder is-editor-empty\\"><br class=\\"ProseMirror-trailingBreak\\"></p>
            </div>
          </div>
        </div>
      </section>
    </div>
    <div class=\\"dataset-overview-holder\\">
      <h1 class=\\"truncate\\">Annotations</h1>
      <div class=\\"relative text-center\\">
        <h4># of annotations with FDR% &lt;=</h4>
        <div class=\\"el-table--fit el-table--enable-row-hover has-footer el-table el-table--layout-fixed\\" style=\\"width: 100%;\\" data-prefix=\\"el\\">
          <div class=\\"el-table__inner-wrapper\\">
            <div class=\\"hidden-columns\\">
              <div></div>
              <div></div>
              <div></div>
              <div></div>
              <div></div>
            </div>
            <div class=\\"el-table__header-wrapper\\">
              <table class=\\"el-table__header\\" border=\\"0\\" cellpadding=\\"0\\" cellspacing=\\"0\\">
                <colgroup>
                  <col name=\\"el-table_1_column_1\\" width=\\"80\\">
                  <col name=\\"el-table_1_column_2\\" width=\\"80\\">
                  <col name=\\"el-table_1_column_3\\" width=\\"80\\">
                  <col name=\\"el-table_1_column_4\\" width=\\"80\\">
                  <col name=\\"el-table_1_column_5\\" width=\\"80\\">
                </colgroup>
                <thead class=\\"\\">
                  <tr class=\\"\\">
                    <th class=\\"el-table_1_column_1 is-leaf is-sortable el-table__cell\\" colspan=\\"1\\" rowspan=\\"1\\">
                      <div class=\\"cell\\">Database<span class=\\"caret-wrapper\\"><i class=\\"sort-caret ascending\\"></i><i class=\\"sort-caret descending\\"></i></span>
                        <!---->
                      </div>
                    </th>
                    <th class=\\"el-table_1_column_2 is-leaf is-sortable el-table__cell\\" colspan=\\"1\\" rowspan=\\"1\\">
                      <div class=\\"cell\\">5%<span class=\\"caret-wrapper\\"><i class=\\"sort-caret ascending\\"></i><i class=\\"sort-caret descending\\"></i></span>
                        <!---->
                      </div>
                    </th>
                    <th class=\\"el-table_1_column_3 is-leaf is-sortable el-table__cell\\" colspan=\\"1\\" rowspan=\\"1\\">
                      <div class=\\"cell\\">10%<span class=\\"caret-wrapper\\"><i class=\\"sort-caret ascending\\"></i><i class=\\"sort-caret descending\\"></i></span>
                        <!---->
                      </div>
                    </th>
                    <th class=\\"el-table_1_column_4 is-leaf is-sortable el-table__cell\\" colspan=\\"1\\" rowspan=\\"1\\">
                      <div class=\\"cell\\">20%<span class=\\"caret-wrapper\\"><i class=\\"sort-caret ascending\\"></i><i class=\\"sort-caret descending\\"></i></span>
                        <!---->
                      </div>
                    </th>
                    <th class=\\"el-table_1_column_5 is-leaf is-sortable el-table__cell\\" colspan=\\"1\\" rowspan=\\"1\\">
                      <div class=\\"cell\\">50%<span class=\\"caret-wrapper\\"><i class=\\"sort-caret ascending\\"></i><i class=\\"sort-caret descending\\"></i></span>
                        <!---->
                      </div>
                    </th>
                  </tr>
                </thead>
              </table>
            </div>
            <div class=\\"el-table__body-wrapper\\">
              <div class=\\"el-scrollbar\\">
                <div class=\\"el-scrollbar__wrap el-scrollbar__wrap--hidden-default\\">
                  <div class=\\"el-scrollbar__view\\" style=\\"display: inline-block; vertical-align: middle;\\">
                    <table class=\\"el-table__body\\" cellspacing=\\"0\\" cellpadding=\\"0\\" border=\\"0\\" style=\\"table-layout: fixed;\\">
                      <colgroup>
                        <col name=\\"el-table_1_column_1\\" width=\\"80\\">
                        <col name=\\"el-table_1_column_2\\" width=\\"80\\">
                        <col name=\\"el-table_1_column_3\\" width=\\"80\\">
                        <col name=\\"el-table_1_column_4\\" width=\\"80\\">
                        <col name=\\"el-table_1_column_5\\" width=\\"80\\">
                      </colgroup>
                      <!--v-if-->
                      <tbody tabindex=\\"-1\\"></tbody>
                      <!--v-if-->
                    </table>
                    <div style=\\"height: 100%;\\" class=\\"el-table__empty-block\\"><span class=\\"el-table__empty-text\\">No Data</span></div>
                    <!--v-if-->
                  </div>
                </div>
                <div class=\\"el-scrollbar__bar is-horizontal\\" style=\\"display: none;\\">
                  <div class=\\"el-scrollbar__thumb\\" style=\\"transform: translateX(0%);\\"></div>
                </div>
                <div class=\\"el-scrollbar__bar is-vertical\\" style=\\"display: none;\\">
                  <div class=\\"el-scrollbar__thumb\\" style=\\"transform: translateY(0%);\\"></div>
                </div>
              </div>
            </div>
            <div class=\\"el-table__footer-wrapper\\" style=\\"display: none;\\">
              <table class=\\"el-table__footer\\" cellspacing=\\"0\\" cellpadding=\\"0\\" border=\\"0\\">
                <colgroup>
                  <col name=\\"el-table_1_column_1\\" width=\\"80\\">
                  <col name=\\"el-table_1_column_2\\" width=\\"80\\">
                  <col name=\\"el-table_1_column_3\\" width=\\"80\\">
                  <col name=\\"el-table_1_column_4\\" width=\\"80\\">
                  <col name=\\"el-table_1_column_5\\" width=\\"80\\">
                </colgroup>
                <tfoot>
                  <tr>
                    <td colspan=\\"1\\" rowspan=\\"1\\" class=\\"el-table__cell el-table_1_column_1 is-leaf\\">
                      <div class=\\"cell\\">Total Annotations</div>
                    </td>
                    <td colspan=\\"1\\" rowspan=\\"1\\" class=\\"el-table__cell el-table_1_column_2 is-leaf\\">
                      <div class=\\"cell\\">
                        <div from=\\"dataset-overview\\">0</div>
                      </div>
                    </td>
                    <td colspan=\\"1\\" rowspan=\\"1\\" class=\\"el-table__cell el-table_1_column_3 is-leaf\\">
                      <div class=\\"cell\\">
                        <div from=\\"dataset-overview\\">0</div>
                      </div>
                    </td>
                    <td colspan=\\"1\\" rowspan=\\"1\\" class=\\"el-table__cell el-table_1_column_4 is-leaf\\">
                      <div class=\\"cell\\">
                        <div from=\\"dataset-overview\\">0</div>
                      </div>
                    </td>
                    <td colspan=\\"1\\" rowspan=\\"1\\" class=\\"el-table__cell el-table_1_column_5 is-leaf\\">
                      <div class=\\"cell\\">
                        <div from=\\"dataset-overview\\">0</div>
                      </div>
                    </td>
                  </tr>
                </tfoot>
              </table>
            </div>
            <!--v-if-->
          </div>
          <div class=\\"el-table__column-resize-proxy\\" style=\\"display: none;\\"></div>
        </div>
        <div class=\\"text-right mt-2\\"><button ariadisabled=\\"false\\" type=\\"button\\" class=\\"el-button\\">
            <!--v-if--><span class=\\"\\">Browse annotations</span>
          </button></div>
      </div>
    </div>
    <div class=\\"dataset-overview-holder\\">
      <h1 class=\\"truncate\\">Details</h1>
      <div class=\\"flex flex-wrap relative -m-3\\">
        <div class=\\"flex-grow box-border min-w-64 p-3 break-words\\">
          <!---->
          <p class=\\"max-h-32 overflow-y-auto\\">Imaging MS</p>
        </div>
        <div class=\\"flex-grow box-border min-w-64 p-3 break-words\\">
          <h3 class=\\"m-0 my-2\\">MS analysis</h3>
          <ul class=\\"list-none p-0 m-0 max-h-40 overflow-y-auto\\"></ul>
        </div>
      </div>
    </div>
    <div class=\\"dataset-overview-holder\\">
      <div class=\\"flex flex-wrap relative -m-3\\">
        <div class=\\"flex-grow box-border min-w-64 p-3 break-words\\">
          <h3 class=\\"m-0 my-2\\">Annotation settings</h3>
          <ul class=\\"list-none p-0 m-0 max-h-40 overflow-y-auto\\">
            <li><b>m/z tolerance (ppm):</b> 3</li>
            <li><b>Analysis version:</b> METASPACE-ML</li>
            <!---->
            <!---->
            <!---->
          </ul>
        </div>
      </div>
    </div>
    <div class=\\"dataset-overview-holder\\">
      <h1 class=\\"truncate\\">Projects</h1>
      <div class=\\"flex-grow box-border min-w-64 p-0 break-words\\">
        <ul class=\\"list-none p-0 py-3 m-0 max-h-40 overflow-y-auto\\">
          <li><b>Name: </b>
            <div class=\\"ml-1\\">Test</div>
          </li>
          <!---->
        </ul>
      </div>
    </div>
  </div>
</div>"
`;
