// Vitest Snapshot v1, https://vitest.dev/guide/snapshot.html

exports[`MetaspaceFooter > should match snapshot 1`] = `
"<footer data-v-d74f8df0=\\"\\" class=\\"bg-gray-100\\">
  <div data-v-d74f8df0=\\"\\" class=\\"leading-6 max-w-4xl mx-auto px-18 py-16 box-border text-gray-700 text-sm text-center\\">
    <p data-v-d74f8df0=\\"\\" class=\\"flex justify-center m-0 font-medium flex-wrap\\">
    <div data-v-d74f8df0=\\"\\"> Privacy </div>
    <div data-v-d74f8df0=\\"\\"> Terms </div>
    <div data-v-d74f8df0=\\"\\"> Publications </div><a data-v-d74f8df0=\\"\\" href=\\"https://github.com/metaspace2020/metaspace\\">GitHub</a><a data-v-d74f8df0=\\"\\" href=\\"https://twitter.com/metaspace2020\\">Twitter</a><a data-v-d74f8df0=\\"\\" href=\\"mailto:contact@metaspace2020.eu\\">Contact</a></p>
    <p data-v-d74f8df0=\\"\\" class=\\"m-0 mt-8\\"> © 2014–2024 <a data-v-d74f8df0=\\"\\" href=\\"https://www.embl.de/research/units/scb/alexandrov/\\">Alexandrov Team</a></p>
  </div>
</footer>"
`;
