// Jest Snapshot v1, https://goo.gl/fbAQLP

exports[`AnnotationTable should be able to export a CSV 1`] = `
"# URL: http://localhost/
\\"group\\",\\"datasetName\\",\\"datasetId\\",\\"formula\\",\\"adduct\\",\\"mz\\",\\"msm\\",\\"fdr\\",\\"rhoSpatial\\",\\"rhoSpectral\\",\\"rhoChaos\\",\\"moleculeNames\\",\\"moleculeIds\\",\\"colocalizationCoeff\\",\\"offSample\\",\\"rawOffSampleProb\\"
"
`;

exports[`AnnotationTable should match snapshot 1`] = `
<div class="el-row">
  <div class="el-table el-table--fit el-table--striped el-table--border el-table--scrollable-x el-table--enable-row-hover el-table--mini" id="annot-table" element-loading-text="Loading results from the server..." tabindex="1" mock-v-loading="false">
    <div class="hidden-columns">
      <div></div>
      <div></div>
      <div></div>
      <div></div>
      <!---->
      <div></div>
      <div></div>
      <div></div>
    </div>
    <div class="el-table__header-wrapper">
      <table cellspacing="0" cellpadding="0" border="0" class="el-table__header" style="width: 560px;">
        <colgroup>
          <col name="el-table_1_column_1" width="95">
          <col name="el-table_1_column_2" width="140">
          <col name="el-table_1_column_3" width="120">
          <col name="el-table_1_column_4" width="65">
          <col name="el-table_1_column_5" width="60">
          <col name="el-table_1_column_6" width="40">
          <col name="el-table_1_column_7" width="40">
        </colgroup>
        <thead class="">
          <tr class="">
            <th colspan="1" rowspan="1" class="el-table_1_column_1     is-leaf">
              <div class="cell">Lab</div>
            </th>
            <th colspan="1" rowspan="1" class="el-table_1_column_2     is-leaf">
              <div class="cell">Dataset</div>
            </th>
            <th colspan="1" rowspan="1" class="el-table_1_column_3     is-leaf is-sortable">
              <div class="cell">Annotation<span class="caret-wrapper"><i class="sort-caret ascending"></i><i class="sort-caret descending"></i></span></div>
            </th>
            <th colspan="1" rowspan="1" class="el-table_1_column_4     is-leaf is-sortable">
              <div class="cell">m/z<span class="caret-wrapper"><i class="sort-caret ascending"></i><i class="sort-caret descending"></i></span></div>
            </th>
            <th colspan="1" rowspan="1" class="el-table_1_column_5 descending    is-leaf is-sortable">
              <div class="cell">MSM<span class="caret-wrapper"><i class="sort-caret ascending"></i><i class="sort-caret descending"></i></span></div>
            </th>
            <th colspan="1" rowspan="1" class="el-table_1_column_6   fdr-cell  is-leaf is-sortable">
              <div class="cell">FDR<span class="caret-wrapper"><i class="sort-caret ascending"></i><i class="sort-caret descending"></i></span></div>
            </th>
            <th colspan="1" rowspan="1" class="el-table_1_column_7   coloc-cell  is-leaf is-sortable">
              <div class="cell">Coloc.<span class="caret-wrapper"><i class="sort-caret ascending"></i><i class="sort-caret descending"></i></span></div>
            </th>
          </tr>
        </thead>
      </table>
    </div>
    <div class="el-table__body-wrapper is-scrolling-left">
      <table cellspacing="0" cellpadding="0" border="0" class="el-table__body" style="width: 560px;">
        <colgroup>
          <col name="el-table_1_column_1" width="95">
          <col name="el-table_1_column_2" width="140">
          <col name="el-table_1_column_3" width="120">
          <col name="el-table_1_column_4" width="65">
          <col name="el-table_1_column_5" width="60">
          <col name="el-table_1_column_6" width="40">
          <col name="el-table_1_column_7" width="40">
        </colgroup>
        <tbody>
          <!---->
        </tbody>
      </table>
      <div class="el-table__empty-block" style="width: 560px;"><span class="el-table__empty-text"><p>
      No annotations were found
    </p></span></div>
      <!---->
    </div>
    <!---->
    <!---->
    <!---->
    <!---->
    <div class="el-table__column-resize-proxy" style="display: none;"></div>
  </div>
  <div id="annot-table-controls">
    <div>
      <div class="el-pagination">
        <button type="button" disabled="disabled" class="btn-prev">
          <i class="el-icon el-icon-arrow-left"></i>
        </button>
        <ul class="el-pager">
          <!---->
          <!---->
          <!---->
          <!---->
        </ul>
        <button type="button" class="btn-next">
          <i class="el-icon el-icon-arrow-right"></i>
        </button><span class="el-pagination__sizes"><div class="el-select el-select--mini"><!----><div class="el-input el-input--mini el-input--suffix"><!----><input type="text" readonly="readonly" autocomplete="off" placeholder="请选择" class="el-input__inner"><!----><span class="el-input__suffix"><span class="el-input__suffix-inner"><i class="el-select__caret el-input__icon el-icon-arrow-up"></i><!----></span>
        <!---->
        </span>
        <!---->
      </div>
      <div class="el-select-dropdown el-popper" style="display: none;">
        <div class="el-scrollbar" style="">
          <div class="el-select-dropdown__wrap el-scrollbar__wrap el-scrollbar__wrap--hidden-default">
            <ul class="el-scrollbar__view el-select-dropdown__list">
              <!---->
              <li class="el-select-dropdown__item selected"><span>15条/页</span></li>
              <li class="el-select-dropdown__item"><span>20条/页</span></li>
              <li class="el-select-dropdown__item"><span>25条/页</span></li>
              <li class="el-select-dropdown__item"><span>30条/页</span></li>
            </ul>
          </div>
          <div class="el-scrollbar__bar is-horizontal">
            <div class="el-scrollbar__thumb" style="transform: translateX(0%); -webkit-transform: translateX(0%);"></div>
          </div>
          <div class="el-scrollbar__bar is-vertical">
            <div class="el-scrollbar__thumb" style="transform: translateY(0%); -webkit-transform: translateY(0%);"></div>
          </div>
        </div>
        <!---->
      </div>
    </div>
    </span>
  </div>
  <div id="annot-count">
    <b></b> matching records
  </div>
  <div style="padding-top: 10px;">
    <div class="fdr-legend-header">FDR levels: </div>
    <div class="fdr-legend fdr-5">5%</div>
    <div class="fdr-legend fdr-10">10%</div>
    <div class="fdr-legend fdr-20">20%</div>
    <div class="fdr-legend fdr-50">50%</div>
  </div>
</div>
<div>
  <button type="button" class="el-button export-btn el-button--default">
    <!---->
    <!----><span>
        Export to CSV
      </span></button>
</div>
</div>
</div>
`;
