// Vitest Snapshot v1, https://vitest.dev/guide/snapshot.html

exports[`TransferDatasetsDialog > should match snapshot (datasets to import, invited) 1`] = `
"<div data-v-28cb04fb=\\"\\" class=\\"mock-el-dialog dialog\\" model-value=\\"true\\" append-to-body=\\"\\" title=\\"Transfer datasets\\" currentuserid=\\"current user id\\">
  <div data-v-28cb04fb=\\"\\">
    <div data-v-28cb04fb=\\"\\">
      <p data-v-28cb04fb=\\"\\" style=\\"margin-top: 0px;\\"> You have previously uploaded one or more datasets without a group. Do you want to transfer any of these datasets to Group Name? </p>
      <div data-v-c3668e62=\\"\\" data-v-28cb04fb=\\"\\" modelvalue=\\"[object Object]\\">
        <div data-v-c3668e62=\\"\\" class=\\"select-buttons\\"><a data-v-c3668e62=\\"\\" href=\\"#\\">Select none</a><span data-v-c3668e62=\\"\\"> | </span><a data-v-c3668e62=\\"\\" href=\\"#\\">Select all</a></div>
        <div data-v-c3668e62=\\"\\" class=\\"dataset-checkbox-list leading-6\\">
          <div data-v-c3668e62=\\"\\"><label data-v-c3668e62=\\"\\" class=\\"el-checkbox is-checked flex h-6 items-center\\"><span class=\\"el-checkbox__input is-checked\\"><input class=\\"el-checkbox__original\\" type=\\"checkbox\\"><span class=\\"el-checkbox__inner\\"></span></span><span class=\\"el-checkbox__label\\"><span data-v-c3668e62=\\"\\" class=\\"truncate\\" title=\\"Untreated_3_434\\">Untreated_3_434</span><span data-v-c3668e62=\\"\\" class=\\"text-gray-700 text-xs tracking-wide pl-1\\"><span data-v-c3668e62=\\"\\" class=\\"sm-elapsed-time\\" title=\\"2018/06/28, 13:23\\">2 years ago</span></span>
              <!--v-if--></span>
            </label></div>
          <div data-v-c3668e62=\\"\\"><label data-v-c3668e62=\\"\\" class=\\"el-checkbox is-checked flex h-6 items-center\\"><span class=\\"el-checkbox__input is-checked\\"><input class=\\"el-checkbox__original\\" type=\\"checkbox\\"><span class=\\"el-checkbox__inner\\"></span></span><span class=\\"el-checkbox__label\\"><span data-v-c3668e62=\\"\\" class=\\"truncate\\" title=\\"Dataset 2\\">Dataset 2</span><span data-v-c3668e62=\\"\\" class=\\"text-gray-700 text-xs tracking-wide pl-1\\"><span data-v-c3668e62=\\"\\" class=\\"sm-elapsed-time\\" title=\\"2018/06/28, 13:21\\">2 years ago</span></span>
              <!--v-if--></span>
            </label></div>
          <div data-v-c3668e62=\\"\\"><label data-v-c3668e62=\\"\\" class=\\"el-checkbox is-checked flex h-6 items-center\\"><span class=\\"el-checkbox__input is-checked\\"><input class=\\"el-checkbox__original\\" type=\\"checkbox\\"><span class=\\"el-checkbox__inner\\"></span></span><span class=\\"el-checkbox__label\\"><span data-v-c3668e62=\\"\\" class=\\"truncate\\" title=\\"Dataset 3\\">Dataset 3</span><span data-v-c3668e62=\\"\\" class=\\"text-gray-700 text-xs tracking-wide pl-1\\"><span data-v-c3668e62=\\"\\" class=\\"sm-elapsed-time\\" title=\\"2018/06/28, 12:03\\">2 years ago</span></span>
              <!--v-if--></span>
            </label></div>
          <div data-v-c3668e62=\\"\\"><label data-v-c3668e62=\\"\\" class=\\"el-checkbox is-checked flex h-6 items-center\\"><span class=\\"el-checkbox__input is-checked\\"><input class=\\"el-checkbox__original\\" type=\\"checkbox\\"><span class=\\"el-checkbox__inner\\"></span></span><span class=\\"el-checkbox__label\\"><span data-v-c3668e62=\\"\\" class=\\"truncate\\" title=\\"Dataset 4\\">Dataset 4</span><span data-v-c3668e62=\\"\\" class=\\"text-gray-700 text-xs tracking-wide pl-1\\"><span data-v-c3668e62=\\"\\" class=\\"sm-elapsed-time\\" title=\\"2018/06/28, 13:20\\">2 years ago</span></span>
              <!--v-if--></span>
            </label></div>
        </div>
      </div>
      <!--v-if-->
      <div data-v-28cb04fb=\\"\\" class=\\"button-bar\\"><button data-v-28cb04fb=\\"\\" ariadisabled=\\"false\\" type=\\"button\\" class=\\"el-button\\">
          <!--v-if--><span class=\\"\\"> Cancel </span>
        </button><button data-v-28cb04fb=\\"\\" ariadisabled=\\"false\\" type=\\"button\\" class=\\"el-button el-button--primary\\">
          <!--v-if--><span class=\\"\\">Join group</span>
        </button></div>
    </div>
  </div>
</div>"
`;

exports[`TransferDatasetsDialog > should match snapshot (datasets to import, requesting access) 1`] = `
"<div data-v-28cb04fb=\\"\\" class=\\"mock-el-dialog dialog\\" model-value=\\"true\\" append-to-body=\\"\\" title=\\"Transfer datasets\\" currentuserid=\\"current user id\\">
  <div data-v-28cb04fb=\\"\\">
    <div data-v-28cb04fb=\\"\\">
      <p data-v-28cb04fb=\\"\\" style=\\"margin-top: 0px;\\"> You have previously uploaded one or more datasets without a group. Do you want to transfer any of these datasets to Group Name? </p>
      <div data-v-c3668e62=\\"\\" data-v-28cb04fb=\\"\\" modelvalue=\\"[object Object]\\">
        <div data-v-c3668e62=\\"\\" class=\\"select-buttons\\"><a data-v-c3668e62=\\"\\" href=\\"#\\">Select none</a><span data-v-c3668e62=\\"\\"> | </span><a data-v-c3668e62=\\"\\" href=\\"#\\">Select all</a></div>
        <div data-v-c3668e62=\\"\\" class=\\"dataset-checkbox-list leading-6\\">
          <div data-v-c3668e62=\\"\\"><label data-v-c3668e62=\\"\\" class=\\"el-checkbox is-checked flex h-6 items-center\\"><span class=\\"el-checkbox__input is-checked\\"><input class=\\"el-checkbox__original\\" type=\\"checkbox\\"><span class=\\"el-checkbox__inner\\"></span></span><span class=\\"el-checkbox__label\\"><span data-v-c3668e62=\\"\\" class=\\"truncate\\" title=\\"Untreated_3_434\\">Untreated_3_434</span><span data-v-c3668e62=\\"\\" class=\\"text-gray-700 text-xs tracking-wide pl-1\\"><span data-v-c3668e62=\\"\\" class=\\"sm-elapsed-time\\" title=\\"2018/06/28, 13:23\\">2 years ago</span></span>
              <!--v-if--></span>
            </label></div>
          <div data-v-c3668e62=\\"\\"><label data-v-c3668e62=\\"\\" class=\\"el-checkbox is-checked flex h-6 items-center\\"><span class=\\"el-checkbox__input is-checked\\"><input class=\\"el-checkbox__original\\" type=\\"checkbox\\"><span class=\\"el-checkbox__inner\\"></span></span><span class=\\"el-checkbox__label\\"><span data-v-c3668e62=\\"\\" class=\\"truncate\\" title=\\"Dataset 2\\">Dataset 2</span><span data-v-c3668e62=\\"\\" class=\\"text-gray-700 text-xs tracking-wide pl-1\\"><span data-v-c3668e62=\\"\\" class=\\"sm-elapsed-time\\" title=\\"2018/06/28, 13:21\\">2 years ago</span></span>
              <!--v-if--></span>
            </label></div>
          <div data-v-c3668e62=\\"\\"><label data-v-c3668e62=\\"\\" class=\\"el-checkbox is-checked flex h-6 items-center\\"><span class=\\"el-checkbox__input is-checked\\"><input class=\\"el-checkbox__original\\" type=\\"checkbox\\"><span class=\\"el-checkbox__inner\\"></span></span><span class=\\"el-checkbox__label\\"><span data-v-c3668e62=\\"\\" class=\\"truncate\\" title=\\"Dataset 3\\">Dataset 3</span><span data-v-c3668e62=\\"\\" class=\\"text-gray-700 text-xs tracking-wide pl-1\\"><span data-v-c3668e62=\\"\\" class=\\"sm-elapsed-time\\" title=\\"2018/06/28, 12:03\\">2 years ago</span></span>
              <!--v-if--></span>
            </label></div>
          <div data-v-c3668e62=\\"\\"><label data-v-c3668e62=\\"\\" class=\\"el-checkbox is-checked flex h-6 items-center\\"><span class=\\"el-checkbox__input is-checked\\"><input class=\\"el-checkbox__original\\" type=\\"checkbox\\"><span class=\\"el-checkbox__inner\\"></span></span><span class=\\"el-checkbox__label\\"><span data-v-c3668e62=\\"\\" class=\\"truncate\\" title=\\"Dataset 4\\">Dataset 4</span><span data-v-c3668e62=\\"\\" class=\\"text-gray-700 text-xs tracking-wide pl-1\\"><span data-v-c3668e62=\\"\\" class=\\"sm-elapsed-time\\" title=\\"2018/06/28, 13:20\\">2 years ago</span></span>
              <!--v-if--></span>
            </label></div>
        </div>
      </div>
      <p data-v-28cb04fb=\\"\\">An email will be sent to the group's principal investigator to confirm your access.</p>
      <div data-v-28cb04fb=\\"\\" class=\\"button-bar\\"><button data-v-28cb04fb=\\"\\" ariadisabled=\\"false\\" type=\\"button\\" class=\\"el-button\\">
          <!--v-if--><span class=\\"\\"> Cancel </span>
        </button><button data-v-28cb04fb=\\"\\" ariadisabled=\\"false\\" type=\\"button\\" class=\\"el-button el-button--primary\\">
          <!--v-if--><span class=\\"\\">Request access</span>
        </button></div>
    </div>
  </div>
</div>"
`;

exports[`TransferDatasetsDialog > should match snapshot (no datasets, invited) 1`] = `
"<div data-v-28cb04fb=\\"\\" class=\\"mock-el-dialog dialog\\" model-value=\\"true\\" append-to-body=\\"\\" title=\\"Join group\\" currentuserid=\\"current user id\\">
  <div data-v-28cb04fb=\\"\\">
    <div data-v-28cb04fb=\\"\\">
      <p data-v-28cb04fb=\\"\\" style=\\"margin-top: 0px;\\">Are you sure you want to join Group Name?</p>
      <div data-v-28cb04fb=\\"\\" class=\\"button-bar\\"><button data-v-28cb04fb=\\"\\" ariadisabled=\\"false\\" type=\\"button\\" class=\\"el-button el-button--small\\">
          <!--v-if--><span class=\\"\\"> Cancel </span>
        </button><button data-v-28cb04fb=\\"\\" ariadisabled=\\"false\\" type=\\"button\\" class=\\"el-button el-button--primary el-button--small\\">
          <!--v-if--><span class=\\"\\">Join group</span>
        </button></div>
    </div>
  </div>
</div>"
`;

exports[`TransferDatasetsDialog > should match snapshot (no datasets, requesting access) 1`] = `
"<div data-v-28cb04fb=\\"\\" class=\\"mock-el-dialog dialog\\" model-value=\\"true\\" append-to-body=\\"\\" title=\\"Join group\\" currentuserid=\\"current user id\\">
  <div data-v-28cb04fb=\\"\\">
    <div data-v-28cb04fb=\\"\\">
      <p data-v-28cb04fb=\\"\\" style=\\"margin-top: 0px;\\"> An email will be sent to the group's principal investigator to confirm your access. </p>
      <div data-v-28cb04fb=\\"\\" class=\\"button-bar\\"><button data-v-28cb04fb=\\"\\" ariadisabled=\\"false\\" type=\\"button\\" class=\\"el-button el-button--small\\">
          <!--v-if--><span class=\\"\\"> Cancel </span>
        </button><button data-v-28cb04fb=\\"\\" ariadisabled=\\"false\\" type=\\"button\\" class=\\"el-button el-button--primary el-button--small\\">
          <!--v-if--><span class=\\"\\">Request access</span>
        </button></div>
    </div>
  </div>
</div>"
`;
