// Vitest Snapshot v1, https://vitest.dev/guide/snapshot.html

exports[`DatasetActionsDropdown > it should match snapshot 1`] = `
"<div class=\\"mock-el-dropdown dataset-actions-dropdown\\" trigger=\\"click\\" type=\\"primary\\">
  <div class=\\"ml-2\\">
    <div class=\\"el-badge sm-feature-badge\\"><button ariadisabled=\\"false\\" type=\\"button\\" class=\\"el-button el-button--primary p-1\\">
        <!--v-if--><span class=\\"\\"><span class=\\"ml-2\\">Actions</span><i class=\\"el-icon-arrow-down el-icon--right\\"></i></span>
      </button><sup class=\\"el-badge__content el-badge__content--danger is-fixed is-dot\\"></sup></div>
    <!---->
    <!---->
  </div>
  <div class=\\"mock-el-dropdown-menu dataset-overview-menu p-2\\">
    <div class=\\"mock-el-dropdown-item\\" attrs=\\"[object Object]\\">Download</div>
    <div class=\\"mock-el-dropdown-item\\" attrs=\\"[object Object]\\">Compare with other datasets...</div>
    <div class=\\"mock-el-dropdown-item\\" attrs=\\"[object Object]\\">
      <div class=\\"relative actionBadge\\">
        <div class=\\"el-badge sm-feature-badge\\">Imzml Browser<sup class=\\"el-badge__content el-badge__content--danger is-fixed is-dot\\"></sup></div>
      </div>
    </div>
    <div class=\\"mock-el-dropdown-item\\" attrs=\\"[object Object]\\">LION enrichment</div>
    <div class=\\"mock-el-dropdown-item\\" attrs=\\"[object Object]\\">Edit</div>
    <div class=\\"mock-el-dropdown-item text-red-500\\" attrs=\\"[object Object]\\">Delete</div>
    <div class=\\"mock-el-dropdown-item text-red-500\\" attrs=\\"[object Object]\\">Reprocess data</div>
  </div>
</div>"
`;
